Ôû▓ Next.js 16.1.6 (Turbopack)
- Environments: .env.local

  Creating an optimized production build ...
node.exe : 
At line:1 char:1
+ & "C:\Program Files\node
js/node.exe" "C:\Program F
iles\nodejs/node_mo ...
+ ~~~~~~~~~~~~~~~~~~~~~~~~
~~~~~~~~~~~~~~~~~~~~~~~~~~
~~~~~~~~~~~~~~~~~~~
    + CategoryInfo        
      : NotSpecified: (:  
  String) [], RemoteExc   
 eption
    + FullyQualifiedError 
   Id : NativeCommandErr  
  or
 
> Build error occurred
Error: Turbopack build fai
led with 1 errors:
./src/app/api/admin/import
-attributes/route.ts:3:1
Module not found: Can't re
solve '@/data/output.json'
[0m [90m 1 |[39m [36mi
mport[39m { [33mNextResp
onse[39m } [36mfrom[39m
 [32m"next/server"[39m[
33m;[39m
 [90m 2 |[39m [36mimpor
t[39m { adminDb } [36mfr
om[39m [32m"@/lib/fireba
se-admin"[39m[33m;[39m
[31m[1m>[22m[39m[90m 
3 |[39m [36mimport[39m 
attributesData [36mfrom[
39m [32m"@/data/output.js
on"[39m[33m;[39m
 [90m   |[39m [31m[1m^
[22m[39m[31m[1m^[22m
[39m[31m[1m^[22m[39m[
31m[1m^[22m[39m[31m[1
m^[22m[39m[31m[1m^[22
m[39m[31m[1m^[22m[39m
[31m[1m^[22m[39m[31m
[1m^[22m[39m[31m[1m^[
22m[39m[31m[1m^[22m[3
9m[31m[1m^[22m[39m[31
m[1m^[22m[39m[31m[1m^
[22m[39m[31m[1m^[22m
[39m[31m[1m^[22m[39m[
31m[1m^[22m[39m[31m[1
m^[22m[39m[31m[1m^[22
m[39m[31m[1m^[22m[39m
[31m[1m^[22m[39m[31m
[1m^[22m[39m[31m[1m^[
22m[39m[31m[1m^[22m[3
9m[31m[1m^[22m[39m[31
m[1m^[22m[39m[31m[1m^
[22m[39m[31m[1m^[22m
[39m[31m[1m^[22m[39m[
31m[1m^[22m[39m[31m[1
m^[22m[39m[31m[1m^[22
m[39m[31m[1m^[22m[39m
[31m[1m^[22m[39m[31m
[1m^[22m[39m[31m[1m^[
22m[39m[31m[1m^[22m[3
9m[31m[1m^[22m[39m[31
m[1m^[22m[39m[31m[1m^
[22m[39m[31m[1m^[22m
[39m[31m[1m^[22m[39m[
31m[1m^[22m[39m[31m[1
m^[22m[39m[31m[1m^[22
m[39m[31m[1m^[22m[39m
[31m[1m^[22m[39m[31m
[1m^[22m[39m
 [90m 4 |[39m
 [90m 5 |[39m [36mexpor
t[39m [36masync[39m [3
6mfunction[39m [33mPOST
[39m() {
 [90m 6 |[39m     [36mt
ry[39m {[0m

Import map: aliased to rel
ative './src/data/output.j
son' inside of [project]/


https://nextjs.org/docs/me
ssages/module-not-found


    at <unknown> (./src/ap
p/api/admin/import-attribu
tes/route.ts:3:1)
    at <unknown> (https://
nextjs.org/docs/messages/m
odule-not-found)
